{
  "data": {
    "id": 114999,
    "type": "User",
    "space_id": 0,
    "account_id": 20368,
    "login": "zhaolion",
    "name": "zhaolion",
    "avatar_url": "https://cdn.nlark.com/yuque/0/2020/png/114999/1604419869502-avatar/f203b97a-eaf1-4112-8211-919c8c68c326.png",
    "books_count": 4,
    "public_books_count": 3,
    "followers_count": 0,
    "following_count": 0,
    "public": 1,
    "description": "可爱的反派角色",
    "created_at": "2018-04-26T14:56:05.000Z",
    "updated_at": "2022-09-26T07:40:46.000Z",
    "_serializer": "v2.user_detail"
  }
}
